
Formula used:
delta_CH4_N ~ (temp_N + RH_N + n_dairycows_in + wd_mst + ws_mst) * 
    analyzer + (1 | day)
<environment: 0x0000020ad7d8a628>

Fixed Effects (including interaction terms):
# A tibble: 36 × 5
   effect term                             estimate std.error statistic
   <chr>  <chr>                               <dbl>     <dbl>     <dbl>
 1 fixed  (Intercept)                   14.3          5.39      2.65   
 2 fixed  temp_N                        -0.315        0.120    -2.63   
 3 fixed  RH_N                          -0.0621       0.0321   -1.94   
 4 fixed  n_dairycows_in                 0.0361       0.0758    0.477  
 5 fixed  wd_mst                         0.0144       0.00340   4.24   
 6 fixed  ws_mst                        -1.50         0.198    -7.56   
 7 fixed  analyzerCRDS.2                 1.05         6.61      0.159  
 8 fixed  analyzerCRDS.3                -0.153        6.61     -0.0231 
 9 fixed  analyzerFTIR.1                -1.77         6.61     -0.267  
10 fixed  analyzerFTIR.2                -0.496        6.61     -0.0750 
11 fixed  analyzerFTIR.3                -1.50         6.61     -0.228  
12 fixed  temp_N:analyzerCRDS.2          0.0257       0.133     0.192  
13 fixed  temp_N:analyzerCRDS.3          0.0134       0.134     0.100  
14 fixed  temp_N:analyzerFTIR.1          0.0499       0.134     0.373  
15 fixed  temp_N:analyzerFTIR.2          0.0688       0.134     0.514  
16 fixed  temp_N:analyzerFTIR.3          0.0338       0.134     0.253  
17 fixed  RH_N:analyzerCRDS.2            0.000951     0.0345    0.0276 
18 fixed  RH_N:analyzerCRDS.3           -0.00889      0.0347   -0.256  
19 fixed  RH_N:analyzerFTIR.1            0.00370      0.0348    0.106  
20 fixed  RH_N:analyzerFTIR.2            0.000872     0.0347    0.0251 
21 fixed  RH_N:analyzerFTIR.3           -0.00742      0.0347   -0.214  
22 fixed  n_dairycows_in:analyzerCRDS.2 -0.0340       0.105    -0.323  
23 fixed  n_dairycows_in:analyzerCRDS.3  0.00856      0.105     0.0812 
24 fixed  n_dairycows_in:analyzerFTIR.1  0.0250       0.105     0.237  
25 fixed  n_dairycows_in:analyzerFTIR.2 -0.00308      0.105    -0.0293 
26 fixed  n_dairycows_in:analyzerFTIR.3  0.0286       0.105     0.271  
27 fixed  wd_mst:analyzerCRDS.2          0.00354      0.00459   0.771  
28 fixed  wd_mst:analyzerCRDS.3         -0.00000722   0.00465  -0.00155
29 fixed  wd_mst:analyzerFTIR.1         -0.000779     0.00465  -0.168  
30 fixed  wd_mst:analyzerFTIR.2          0.0000179    0.00462   0.00389
31 fixed  wd_mst:analyzerFTIR.3         -0.00145      0.00465  -0.311  
32 fixed  ws_mst:analyzerCRDS.2          0.00285      0.263     0.0108 
33 fixed  ws_mst:analyzerCRDS.3          0.0411       0.263     0.156  
34 fixed  ws_mst:analyzerFTIR.1         -0.0261       0.263    -0.0991 
35 fixed  ws_mst:analyzerFTIR.2          0.0449       0.263     0.170  
36 fixed  ws_mst:analyzerFTIR.3          0.0595       0.263     0.226  

Random Effects - Day:
           intercept_adj        day percent_dev
2025-04-08   -2.08868043 2025-04-08 -14.6227167
2025-04-09   -0.03416576 2025-04-09  -0.2391923
2025-04-10   -0.86053523 2025-04-10  -6.0245516
2025-04-11    1.17150138 2025-04-11   8.2016055
2025-04-12    1.81188004 2025-04-12  12.6848551

Formula used:
delta_CO2_N ~ (temp_N + RH_N + n_dairycows_in + wd_mst + ws_mst) * 
    analyzer + (1 | day)
<environment: 0x0000020ad62b9e70>

Fixed Effects (including interaction terms):
# A tibble: 36 × 5
   effect term                           estimate std.error statistic
   <chr>  <chr>                             <dbl>     <dbl>     <dbl>
 1 fixed  (Intercept)                   596.        191.       3.13  
 2 fixed  temp_N                        -15.7         4.25    -3.69  
 3 fixed  RH_N                           -2.78        1.14    -2.44  
 4 fixed  n_dairycows_in                  1.01        2.65     0.382 
 5 fixed  wd_mst                          0.472       0.118    4.00  
 6 fixed  ws_mst                        -55.0         6.98    -7.88  
 7 fixed  analyzerCRDS.2                 40.6       232.       0.175 
 8 fixed  analyzerCRDS.3                 47.2       232.       0.204 
 9 fixed  analyzerFTIR.1                -47.9       232.      -0.206 
10 fixed  analyzerFTIR.2                 33.6       232.       0.145 
11 fixed  analyzerFTIR.3                 26.4       232.       0.114 
12 fixed  temp_N:analyzerCRDS.2           0.288       4.68     0.0615
13 fixed  temp_N:analyzerCRDS.3          -0.583       4.71    -0.124 
14 fixed  temp_N:analyzerFTIR.1           1.25        4.73     0.265 
15 fixed  temp_N:analyzerFTIR.2           0.130       4.70     0.0275
16 fixed  temp_N:analyzerFTIR.3           0.521       4.70     0.111 
17 fixed  RH_N:analyzerCRDS.2            -0.378       1.21    -0.313 
18 fixed  RH_N:analyzerCRDS.3            -0.582       1.22    -0.476 
19 fixed  RH_N:analyzerFTIR.1            -0.198       1.22    -0.162 
20 fixed  RH_N:analyzerFTIR.2            -0.550       1.22    -0.452 
21 fixed  RH_N:analyzerFTIR.3            -0.226       1.22    -0.185 
22 fixed  n_dairycows_in:analyzerCRDS.2  -0.545       3.69    -0.148 
23 fixed  n_dairycows_in:analyzerCRDS.3  -0.132       3.69    -0.0359
24 fixed  n_dairycows_in:analyzerFTIR.1   0.476       3.69     0.129 
25 fixed  n_dairycows_in:analyzerFTIR.2  -0.326       3.69    -0.0884
26 fixed  n_dairycows_in:analyzerFTIR.3  -0.251       3.69    -0.0680
27 fixed  wd_mst:analyzerCRDS.2           0.0533      0.160    0.334 
28 fixed  wd_mst:analyzerCRDS.3          -0.0277      0.161   -0.172 
29 fixed  wd_mst:analyzerFTIR.1          -0.00510     0.164   -0.0312
30 fixed  wd_mst:analyzerFTIR.2          -0.0270      0.160   -0.169 
31 fixed  wd_mst:analyzerFTIR.3           0.0333      0.160    0.209 
32 fixed  ws_mst:analyzerCRDS.2           1.22        9.22     0.132 
33 fixed  ws_mst:analyzerCRDS.3           0.880       9.23     0.0953
34 fixed  ws_mst:analyzerFTIR.1           3.88        9.23     0.421 
35 fixed  ws_mst:analyzerFTIR.2           4.01        9.23     0.434 
36 fixed  ws_mst:analyzerFTIR.3          -1.06        9.23    -0.115 

Random Effects - Day:
           intercept_adj        day percent_dev
2025-04-08     -93.04786 2025-04-08  -15.601841
2025-04-09     -11.64212 2025-04-09   -1.952098
2025-04-10     -28.90369 2025-04-10   -4.846439
2025-04-11      49.19941 2025-04-11    8.249533
2025-04-12      84.39427 2025-04-12   14.150845

Formula used:
delta_NH3_N ~ (temp_N + RH_N + n_dairycows_in + wd_mst + ws_mst) * 
    analyzer + (1 | day)
<environment: 0x0000020ae3132b68>

Fixed Effects (including interaction terms):
# A tibble: 36 × 5
   effect term                            estimate std.error statistic
   <chr>  <chr>                              <dbl>     <dbl>     <dbl>
 1 fixed  (Intercept)                    1.70       0.414       4.11  
 2 fixed  temp_N                        -0.0280     0.00916    -3.05  
 3 fixed  RH_N                          -0.00592    0.00245    -2.42  
 4 fixed  n_dairycows_in                -0.00393    0.00577    -0.681 
 5 fixed  wd_mst                        -0.0000409  0.000256   -0.160 
 6 fixed  ws_mst                        -0.104      0.0151     -6.90  
 7 fixed  analyzerCRDS.2                -0.00585    0.503      -0.0116
 8 fixed  analyzerCRDS.3                -0.212      0.503      -0.420 
 9 fixed  analyzerFTIR.1                -0.215      0.503      -0.428 
10 fixed  analyzerFTIR.2                -0.567      0.503      -1.13  
11 fixed  analyzerFTIR.3                -0.300      0.503      -0.596 
12 fixed  temp_N:analyzerCRDS.2          0.00924    0.0102      0.910 
13 fixed  temp_N:analyzerCRDS.3          0.0136     0.0102      1.34  
14 fixed  temp_N:analyzerFTIR.1          0.0121     0.0102      1.18  
15 fixed  temp_N:analyzerFTIR.2          0.0201     0.0102      1.98  
16 fixed  temp_N:analyzerFTIR.3          0.0178     0.0102      1.74  
17 fixed  RH_N:analyzerCRDS.2            0.00189    0.00262     0.723 
18 fixed  RH_N:analyzerCRDS.3            0.00238    0.00263     0.903 
19 fixed  RH_N:analyzerFTIR.1            0.00351    0.00263     1.33  
20 fixed  RH_N:analyzerFTIR.2            0.00505    0.00263     1.92  
21 fixed  RH_N:analyzerFTIR.3            0.00554    0.00263     2.10  
22 fixed  n_dairycows_in:analyzerCRDS.2 -0.00288    0.00801    -0.359 
23 fixed  n_dairycows_in:analyzerCRDS.3 -0.000634   0.00801    -0.0791
24 fixed  n_dairycows_in:analyzerFTIR.1 -0.00192    0.00801    -0.239 
25 fixed  n_dairycows_in:analyzerFTIR.2 -0.000814   0.00801    -0.102 
26 fixed  n_dairycows_in:analyzerFTIR.3 -0.00373    0.00801    -0.466 
27 fixed  wd_mst:analyzerCRDS.2          0.000260   0.000347    0.751 
28 fixed  wd_mst:analyzerCRDS.3          0.000237   0.000347    0.684 
29 fixed  wd_mst:analyzerFTIR.1          0.000116   0.000347    0.334 
30 fixed  wd_mst:analyzerFTIR.2          0.000225   0.000347    0.649 
31 fixed  wd_mst:analyzerFTIR.3          0.000461   0.000347    1.33  
32 fixed  ws_mst:analyzerCRDS.2         -0.00912    0.0200     -0.455 
33 fixed  ws_mst:analyzerCRDS.3         -0.00814    0.0201     -0.406 
34 fixed  ws_mst:analyzerFTIR.1         -0.00880    0.0201     -0.439 
35 fixed  ws_mst:analyzerFTIR.2         -0.00246    0.0201     -0.123 
36 fixed  ws_mst:analyzerFTIR.3         -0.0245     0.0201     -1.22  

Random Effects - Day:
           intercept_adj        day percent_dev
2025-04-08   -0.22366464 2025-04-08  -13.155188
2025-04-09   -0.03932187 2025-04-09   -2.312778
2025-04-10   -0.04951539 2025-04-10   -2.912325
2025-04-11    0.12184378 2025-04-11    7.166434
2025-04-12    0.19065812 2025-04-12   11.213857

Formula used:
delta_CH4_S ~ (temp_N + RH_N + n_dairycows_in + wd_mst + ws_mst) * 
    analyzer + (1 | day)
<environment: 0x0000020ad7814970>

Fixed Effects (including interaction terms):
# A tibble: 36 × 5
   effect term                           estimate std.error statistic
   <chr>  <chr>                             <dbl>     <dbl>     <dbl>
 1 fixed  (Intercept)                    8.57       5.86      1.46   
 2 fixed  temp_N                        -0.110      0.126    -0.873  
 3 fixed  RH_N                           0.0156     0.0334    0.467  
 4 fixed  n_dairycows_in                 0.0229     0.0825    0.278  
 5 fixed  wd_mst                         0.0145     0.00384   3.78   
 6 fixed  ws_mst                        -1.35       0.208    -6.51   
 7 fixed  analyzerCRDS.2                -2.12       7.14     -0.297  
 8 fixed  analyzerCRDS.3                -2.23       7.33     -0.305  
 9 fixed  analyzerFTIR.1                -3.59       7.14     -0.503  
10 fixed  analyzerFTIR.2                -3.54       7.14     -0.496  
11 fixed  analyzerFTIR.3                -3.18       7.16     -0.444  
12 fixed  temp_N:analyzerCRDS.2          0.0655     0.142     0.462  
13 fixed  temp_N:analyzerCRDS.3          0.0383     0.145     0.265  
14 fixed  temp_N:analyzerFTIR.1          0.0492     0.142     0.346  
15 fixed  temp_N:analyzerFTIR.2          0.0990     0.143     0.695  
16 fixed  temp_N:analyzerFTIR.3          0.0550     0.143     0.385  
17 fixed  RH_N:analyzerCRDS.2            0.00498    0.0365    0.137  
18 fixed  RH_N:analyzerCRDS.3           -0.00717    0.0373   -0.192  
19 fixed  RH_N:analyzerFTIR.1           -0.00739    0.0367   -0.201  
20 fixed  RH_N:analyzerFTIR.2            0.000679   0.0367    0.0185 
21 fixed  RH_N:analyzerFTIR.3           -0.00734    0.0368   -0.199  
22 fixed  n_dairycows_in:analyzerCRDS.2  0.0216     0.112     0.192  
23 fixed  n_dairycows_in:analyzerCRDS.3  0.0499     0.113     0.440  
24 fixed  n_dairycows_in:analyzerFTIR.1  0.0748     0.112     0.667  
25 fixed  n_dairycows_in:analyzerFTIR.2  0.0550     0.112     0.490  
26 fixed  n_dairycows_in:analyzerFTIR.3  0.0636     0.112     0.566  
27 fixed  wd_mst:analyzerCRDS.2          0.000951   0.00498   0.191  
28 fixed  wd_mst:analyzerCRDS.3         -0.00241    0.00512  -0.471  
29 fixed  wd_mst:analyzerFTIR.1         -0.00186    0.00505  -0.368  
30 fixed  wd_mst:analyzerFTIR.2         -0.00151    0.00507  -0.299  
31 fixed  wd_mst:analyzerFTIR.3         -0.00355    0.00506  -0.701  
32 fixed  ws_mst:analyzerCRDS.2         -0.0243     0.275    -0.0885 
33 fixed  ws_mst:analyzerCRDS.3         -0.00581    0.277    -0.0210 
34 fixed  ws_mst:analyzerFTIR.1         -0.167      0.275    -0.608  
35 fixed  ws_mst:analyzerFTIR.2          0.00217    0.275     0.00791
36 fixed  ws_mst:analyzerFTIR.3         -0.0124     0.275    -0.0450 

Random Effects - Day:
           intercept_adj        day percent_dev
2025-04-08    -1.4264873 2025-04-08  -16.651746
2025-04-09     0.1849802 2025-04-09    2.159320
2025-04-10    -0.6750623 2025-04-10   -7.880172
2025-04-11     1.1124604 2025-04-11   12.986031
2025-04-12     0.8041089 2025-04-12    9.386567

Formula used:
delta_CO2_S ~ (temp_N + RH_N + n_dairycows_in + wd_mst + ws_mst) * 
    analyzer + (1 | day)
<environment: 0x0000020ae7dba7b0>

Fixed Effects (including interaction terms):
# A tibble: 36 × 5
   effect term                            estimate std.error statistic
   <chr>  <chr>                              <dbl>     <dbl>     <dbl>
 1 fixed  (Intercept)                   335.         188.     1.78    
 2 fixed  temp_N                         -8.60         4.17  -2.06    
 3 fixed  RH_N                           -0.433        1.11  -0.390   
 4 fixed  n_dairycows_in                  2.47         2.66   0.929   
 5 fixed  wd_mst                          0.393        0.118  3.32    
 6 fixed  ws_mst                        -52.6          6.97  -7.55    
 7 fixed  analyzerCRDS.2                -17.8        232.    -0.0764  
 8 fixed  analyzerCRDS.3                  1.50       232.     0.00646 
 9 fixed  analyzerFTIR.1                -76.1        232.    -0.327   
10 fixed  analyzerFTIR.2                 -9.91       232.    -0.0427  
11 fixed  analyzerFTIR.3                -19.3        232.    -0.0830  
12 fixed  temp_N:analyzerCRDS.2           1.35         4.69   0.288   
13 fixed  temp_N:analyzerCRDS.3           0.208        4.69   0.0443  
14 fixed  temp_N:analyzerFTIR.1           1.73         4.69   0.369   
15 fixed  temp_N:analyzerFTIR.2           0.902        4.69   0.192   
16 fixed  temp_N:analyzerFTIR.3           1.28         4.69   0.274   
17 fixed  RH_N:analyzerCRDS.2            -0.0730       1.21  -0.0604  
18 fixed  RH_N:analyzerCRDS.3            -0.423        1.21  -0.349   
19 fixed  RH_N:analyzerFTIR.1             0.000375     1.21   0.000310
20 fixed  RH_N:analyzerFTIR.2            -0.440        1.21  -0.364   
21 fixed  RH_N:analyzerFTIR.3            -0.0909       1.21  -0.0752  
22 fixed  n_dairycows_in:analyzerCRDS.2  -0.102        3.70  -0.0275  
23 fixed  n_dairycows_in:analyzerCRDS.3   0.368        3.70   0.0995  
24 fixed  n_dairycows_in:analyzerFTIR.1   0.319        3.70   0.0862  
25 fixed  n_dairycows_in:analyzerFTIR.2   0.138        3.70   0.0374  
26 fixed  n_dairycows_in:analyzerFTIR.3   0.286        3.70   0.0774  
27 fixed  wd_mst:analyzerCRDS.2           0.0834       0.160  0.521   
28 fixed  wd_mst:analyzerCRDS.3          -0.0181       0.161 -0.112   
29 fixed  wd_mst:analyzerFTIR.1           0.0400       0.160  0.250   
30 fixed  wd_mst:analyzerFTIR.2          -0.00529      0.160 -0.0330  
31 fixed  wd_mst:analyzerFTIR.3           0.0425       0.160  0.266   
32 fixed  ws_mst:analyzerCRDS.2           1.87         9.26   0.202   
33 fixed  ws_mst:analyzerCRDS.3           0.835        9.26   0.0902  
34 fixed  ws_mst:analyzerFTIR.1           1.21         9.26   0.131   
35 fixed  ws_mst:analyzerFTIR.2           3.63         9.26   0.392   
36 fixed  ws_mst:analyzerFTIR.3          -1.06         9.26  -0.114   

Random Effects - Day:
           intercept_adj        day percent_dev
2025-04-08    -69.856391 2025-04-08  -20.883373
2025-04-09     -4.718034 2025-04-09   -1.410443
2025-04-10    -25.686094 2025-04-10   -7.678786
2025-04-11     51.618644 2025-04-11   15.431250
2025-04-12     48.641876 2025-04-12   14.541353

Formula used:
delta_NH3_S ~ (temp_N + RH_N + n_dairycows_in + wd_mst + ws_mst) * 
    analyzer + (1 | day)
<environment: 0x0000020adb84b2e0>

Fixed Effects (including interaction terms):
# A tibble: 36 × 5
   effect term                           estimate std.error statistic
   <chr>  <chr>                             <dbl>     <dbl>     <dbl>
 1 fixed  (Intercept)                    1.23      0.426     2.88    
 2 fixed  temp_N                        -0.0136    0.00955  -1.42    
 3 fixed  RH_N                          -0.00184   0.00255  -0.722   
 4 fixed  n_dairycows_in                -0.00162   0.00595  -0.272   
 5 fixed  wd_mst                        -0.000104  0.000278 -0.373   
 6 fixed  ws_mst                        -0.101     0.0156   -6.46    
 7 fixed  analyzerCRDS.2                 0.000246  0.522     0.000472
 8 fixed  analyzerCRDS.3                -0.192     0.525    -0.366   
 9 fixed  analyzerFTIR.1                -0.185     0.522    -0.355   
10 fixed  analyzerFTIR.2                -0.742     0.522    -1.42    
11 fixed  analyzerFTIR.3                -0.280     0.522    -0.536   
12 fixed  temp_N:analyzerCRDS.2          0.00752   0.0106    0.708   
13 fixed  temp_N:analyzerCRDS.3          0.0116    0.0108    1.07    
14 fixed  temp_N:analyzerFTIR.1          0.0117    0.0106    1.10    
15 fixed  temp_N:analyzerFTIR.2          0.0244    0.0106    2.30    
16 fixed  temp_N:analyzerFTIR.3          0.0172    0.0106    1.62    
17 fixed  RH_N:analyzerCRDS.2            0.00175   0.00274   0.640   
18 fixed  RH_N:analyzerCRDS.3            0.00223   0.00280   0.797   
19 fixed  RH_N:analyzerFTIR.1            0.00356   0.00274   1.30    
20 fixed  RH_N:analyzerFTIR.2            0.00556   0.00274   2.03    
21 fixed  RH_N:analyzerFTIR.3            0.00580   0.00274   2.12    
22 fixed  n_dairycows_in:analyzerCRDS.2 -0.00232   0.00827  -0.281   
23 fixed  n_dairycows_in:analyzerCRDS.3 -0.000328  0.00834  -0.0393  
24 fixed  n_dairycows_in:analyzerFTIR.1 -0.00280   0.00827  -0.339   
25 fixed  n_dairycows_in:analyzerFTIR.2  0.000276  0.00827   0.0333  
26 fixed  n_dairycows_in:analyzerFTIR.3 -0.00440   0.00827  -0.533   
27 fixed  wd_mst:analyzerCRDS.2          0.000157  0.000368  0.427   
28 fixed  wd_mst:analyzerCRDS.3          0.000186  0.000379  0.489   
29 fixed  wd_mst:analyzerFTIR.1          0.000145  0.000368  0.393   
30 fixed  wd_mst:analyzerFTIR.2          0.000221  0.000368  0.601   
31 fixed  wd_mst:analyzerFTIR.3          0.000340  0.000368  0.924   
32 fixed  ws_mst:analyzerCRDS.2         -0.00505   0.0207   -0.244   
33 fixed  ws_mst:analyzerCRDS.3         -0.00346   0.0207   -0.167   
34 fixed  ws_mst:analyzerFTIR.1         -0.0107    0.0207   -0.518   
35 fixed  ws_mst:analyzerFTIR.2          0.0174    0.0207    0.843   
36 fixed  ws_mst:analyzerFTIR.3         -0.0149    0.0207   -0.721   

Random Effects - Day:
           intercept_adj        day percent_dev
2025-04-08   -0.19129253 2025-04-08  -15.601216
2025-04-09   -0.03967296 2025-04-09   -3.235601
2025-04-10   -0.04286324 2025-04-10   -3.495791
2025-04-11    0.13691344 2025-04-11   11.166228
2025-04-12    0.13691529 2025-04-12   11.166379

Formula used:
Q_vent_N ~ (temp_N + RH_N + n_dairycows_in + wd_mst + ws_mst) * 
    analyzer + (1 | day)
<environment: 0x0000020ae48a3150>

Fixed Effects (including interaction terms):
# A tibble: 36 × 5
   effect term                           estimate std.error statistic
   <chr>  <chr>                             <dbl>     <dbl>     <dbl>
 1 fixed  (Intercept)                   6433.       2219.     2.90   
 2 fixed  temp_N                         -55.7        49.4   -1.13   
 3 fixed  RH_N                           -14.3        13.2   -1.08   
 4 fixed  n_dairycows_in                 -84.2        31.8   -2.65   
 5 fixed  wd_mst                          -0.481       1.41  -0.341  
 6 fixed  ws_mst                         302.         83.4    3.63   
 7 fixed  analyzerCRDS.2                -506.       2779.    -0.182  
 8 fixed  analyzerCRDS.3                -211.       2782.    -0.0757 
 9 fixed  analyzerFTIR.1                 365.       2789.     0.131  
10 fixed  analyzerFTIR.2                -352.       2782.    -0.126  
11 fixed  analyzerFTIR.3                -258.       2782.    -0.0928 
12 fixed  temp_N:analyzerCRDS.2            1.98       56.2    0.0353 
13 fixed  temp_N:analyzerCRDS.3           -2.10       56.5   -0.0371 
14 fixed  temp_N:analyzerFTIR.1          -10.7        56.7   -0.189  
15 fixed  temp_N:analyzerFTIR.2           -1.34       56.5   -0.0237 
16 fixed  temp_N:analyzerFTIR.3           -4.71       56.5   -0.0834 
17 fixed  RH_N:analyzerCRDS.2              3.20       14.5    0.220  
18 fixed  RH_N:analyzerCRDS.3              3.37       14.7    0.229  
19 fixed  RH_N:analyzerFTIR.1              1.34       14.6    0.0919 
20 fixed  RH_N:analyzerFTIR.2              2.42       14.6    0.165  
21 fixed  RH_N:analyzerFTIR.3              3.11       14.6    0.212  
22 fixed  n_dairycows_in:analyzerCRDS.2    5.18       44.2    0.117  
23 fixed  n_dairycows_in:analyzerCRDS.3   -0.0826     44.3   -0.00187
24 fixed  n_dairycows_in:analyzerFTIR.1   -6.13       44.2   -0.139  
25 fixed  n_dairycows_in:analyzerFTIR.2    4.85       44.2    0.110  
26 fixed  n_dairycows_in:analyzerFTIR.3    1.32       44.2    0.0299 
27 fixed  wd_mst:analyzerCRDS.2            0.133       1.91   0.0697 
28 fixed  wd_mst:analyzerCRDS.3            0.225       1.93   0.117  
29 fixed  wd_mst:analyzerFTIR.1            0.0950      1.96   0.0484 
30 fixed  wd_mst:analyzerFTIR.2            0.0635      1.91   0.0332 
31 fixed  wd_mst:analyzerFTIR.3            0.185       1.91   0.0964 
32 fixed  ws_mst:analyzerCRDS.2           -8.55      111.    -0.0772 
33 fixed  ws_mst:analyzerCRDS.3           14.1       111.     0.127  
34 fixed  ws_mst:analyzerFTIR.1           35.8       111.     0.323  
35 fixed  ws_mst:analyzerFTIR.2            1.14      111.     0.0103 
36 fixed  ws_mst:analyzerFTIR.3            0.370     111.     0.00334

Random Effects - Day:
           intercept_adj        day percent_dev
2025-04-08    -284.69859 2025-04-08  -4.4256089
2025-04-09    -218.78160 2025-04-09  -3.4009364
2025-04-10     664.71541 2025-04-10  10.3329294
2025-04-11      14.72923 2025-04-11   0.2289644
2025-04-12    -175.96445 2025-04-12  -2.7353484

Formula used:
Q_vent_S ~ (temp_N + RH_N + n_dairycows_in + wd_mst + ws_mst) * 
    analyzer + (1 | day)
<environment: 0x0000020ad8569388>

Fixed Effects (including interaction terms):
# A tibble: 36 × 5
   effect term                           estimate std.error statistic
   <chr>  <chr>                             <dbl>     <dbl>     <dbl>
 1 fixed  (Intercept)                   4898.      1033.      4.74   
 2 fixed  temp_N                         -38.4       22.8    -1.68   
 3 fixed  RH_N                           -17.4        6.07   -2.86   
 4 fixed  n_dairycows_in                 -53.1       14.9    -3.57   
 5 fixed  wd_mst                          -0.764      0.658  -1.16   
 6 fixed  ws_mst                         200.        38.8     5.16   
 7 fixed  analyzerCRDS.2                 -67.6     1299.     -0.0521 
 8 fixed  analyzerCRDS.3                  58.2     1299.      0.0448 
 9 fixed  analyzerFTIR.1                1391.      1299.      1.07   
10 fixed  analyzerFTIR.2                  68.5     1299.      0.0528 
11 fixed  analyzerFTIR.3                 -31.8     1299.     -0.0245 
12 fixed  temp_N:analyzerCRDS.2           -4.02      26.2    -0.153  
13 fixed  temp_N:analyzerCRDS.3           -6.22      26.2    -0.237  
14 fixed  temp_N:analyzerFTIR.1          -26.1       26.2    -0.994  
15 fixed  temp_N:analyzerFTIR.2           -7.64      26.2    -0.291  
16 fixed  temp_N:analyzerFTIR.3           -7.61      26.2    -0.290  
17 fixed  RH_N:analyzerCRDS.2              0.450      6.76    0.0666 
18 fixed  RH_N:analyzerCRDS.3             -0.0547     6.78   -0.00806
19 fixed  RH_N:analyzerFTIR.1             -8.19       6.76   -1.21   
20 fixed  RH_N:analyzerFTIR.2             -0.250      6.76   -0.0370 
21 fixed  RH_N:analyzerFTIR.3              0.151      6.76    0.0224 
22 fixed  n_dairycows_in:analyzerCRDS.2    1.81      20.7     0.0877 
23 fixed  n_dairycows_in:analyzerCRDS.3    0.388     20.7     0.0187 
24 fixed  n_dairycows_in:analyzerFTIR.1   -8.22      20.7    -0.398  
25 fixed  n_dairycows_in:analyzerFTIR.2    1.48      20.7     0.0717 
26 fixed  n_dairycows_in:analyzerFTIR.3    1.72      20.7     0.0833 
27 fixed  wd_mst:analyzerCRDS.2           -0.174      0.895  -0.195  
28 fixed  wd_mst:analyzerCRDS.3           -0.109      0.902  -0.121  
29 fixed  wd_mst:analyzerFTIR.1           -1.02       0.895  -1.14   
30 fixed  wd_mst:analyzerFTIR.2           -0.181      0.895  -0.202  
31 fixed  wd_mst:analyzerFTIR.3           -0.129      0.895  -0.144  
32 fixed  ws_mst:analyzerCRDS.2           -3.60      51.7    -0.0696 
33 fixed  ws_mst:analyzerCRDS.3            6.20      51.8     0.120  
34 fixed  ws_mst:analyzerFTIR.1           67.8       51.7     1.31   
35 fixed  ws_mst:analyzerFTIR.2            5.05      51.7     0.0976 
36 fixed  ws_mst:analyzerFTIR.3           -0.557     51.7    -0.0108 

Random Effects - Day:
           intercept_adj        day percent_dev
2025-04-08   -114.835685 2025-04-08  -2.3444764
2025-04-09   -125.951693 2025-04-09  -2.5714200
2025-04-10    318.812008 2025-04-10   6.5088412
2025-04-11    -83.723354 2025-04-11  -1.7092895
2025-04-12      5.698724 2025-04-12   0.1163447

Formula used:
e_NH3_ghLU_N ~ (temp_N + RH_N + n_dairycows_in + wd_mst + ws_mst) * 
    analyzer + (1 | day)
<environment: 0x0000020aeae68af0>

Fixed Effects (including interaction terms):
# A tibble: 36 × 5
   effect term                            estimate std.error statistic
   <chr>  <chr>                              <dbl>     <dbl>     <dbl>
 1 fixed  (Intercept)                    3.06       0.549       5.58  
 2 fixed  temp_N                        -0.0249     0.0123     -2.03  
 3 fixed  RH_N                          -0.0106     0.00329    -3.24  
 4 fixed  n_dairycows_in                -0.0296     0.00772    -3.84  
 5 fixed  wd_mst                        -0.000858   0.000343   -2.50  
 6 fixed  ws_mst                         0.0479     0.0203      2.36  
 7 fixed  analyzerCRDS.2                -0.0235     0.674      -0.0349
 8 fixed  analyzerCRDS.3                -0.169      0.675      -0.251 
 9 fixed  analyzerFTIR.1                -0.0652     0.677      -0.0963
10 fixed  analyzerFTIR.2                -0.735      0.674      -1.09  
11 fixed  analyzerFTIR.3                -0.205      0.674      -0.304 
12 fixed  temp_N:analyzerCRDS.2          0.00591    0.0136      0.434 
13 fixed  temp_N:analyzerCRDS.3          0.00996    0.0137      0.726 
14 fixed  temp_N:analyzerFTIR.1          0.00772    0.0138      0.559 
15 fixed  temp_N:analyzerFTIR.2          0.0172     0.0137      1.26  
16 fixed  temp_N:analyzerFTIR.3          0.00920    0.0137      0.671 
17 fixed  RH_N:analyzerCRDS.2            0.00201    0.00352     0.569 
18 fixed  RH_N:analyzerCRDS.3            0.00201    0.00356     0.564 
19 fixed  RH_N:analyzerFTIR.1            0.00241    0.00357     0.675 
20 fixed  RH_N:analyzerFTIR.2            0.00647    0.00355     1.82  
21 fixed  RH_N:analyzerFTIR.3            0.00467    0.00355     1.32  
22 fixed  n_dairycows_in:analyzerCRDS.2 -0.00228    0.0107     -0.212 
23 fixed  n_dairycows_in:analyzerCRDS.3 -0.000485   0.0107     -0.0452
24 fixed  n_dairycows_in:analyzerFTIR.1 -0.00189    0.0107     -0.176 
25 fixed  n_dairycows_in:analyzerFTIR.2  0.00149    0.0107      0.139 
26 fixed  n_dairycows_in:analyzerFTIR.3 -0.00349    0.0107     -0.325 
27 fixed  wd_mst:analyzerCRDS.2          0.0000694  0.000464    0.150 
28 fixed  wd_mst:analyzerCRDS.3          0.000129   0.000468    0.275 
29 fixed  wd_mst:analyzerFTIR.1         -0.0000282  0.000476   -0.0593
30 fixed  wd_mst:analyzerFTIR.2          0.000363   0.000464    0.782 
31 fixed  wd_mst:analyzerFTIR.3          0.000264   0.000464    0.569 
32 fixed  ws_mst:analyzerCRDS.2          0.00609    0.0268      0.227 
33 fixed  ws_mst:analyzerCRDS.3          0.00804    0.0269      0.299 
34 fixed  ws_mst:analyzerFTIR.1          0.00435    0.0269      0.162 
35 fixed  ws_mst:analyzerFTIR.2         -0.0103     0.0269     -0.382 
36 fixed  ws_mst:analyzerFTIR.3         -0.00733    0.0269     -0.273 

Random Effects - Day:
           intercept_adj        day percent_dev
2025-04-08   -0.20575405 2025-04-08   -6.720953
2025-04-09   -0.07867620 2025-04-09   -2.569957
2025-04-10    0.18342766 2025-04-10    5.991661
2025-04-11    0.04508394 2025-04-11    1.472666
2025-04-12    0.05591865 2025-04-12    1.826582

Formula used:
e_NH3_ghLU_S ~ (temp_N + RH_N + n_dairycows_in + wd_mst + ws_mst) * 
    analyzer + (1 | day)
<environment: 0x0000020ae7b55708>

Fixed Effects (including interaction terms):
# A tibble: 36 × 5
   effect term                            estimate std.error statistic
   <chr>  <chr>                              <dbl>     <dbl>     <dbl>
 1 fixed  (Intercept)                    2.78       0.416       6.68  
 2 fixed  temp_N                        -0.0240     0.00933    -2.57  
 3 fixed  RH_N                          -0.0118     0.00249    -4.73  
 4 fixed  n_dairycows_in                -0.0230     0.00582    -3.94  
 5 fixed  wd_mst                        -0.000892   0.000272   -3.28  
 6 fixed  ws_mst                         0.0298     0.0153      1.95  
 7 fixed  analyzerCRDS.2                 0.133      0.510       0.260 
 8 fixed  analyzerCRDS.3                 0.0124     0.514       0.0242
 9 fixed  analyzerFTIR.1                 0.498      0.510       0.976 
10 fixed  analyzerFTIR.2                -0.966      0.510      -1.89  
11 fixed  analyzerFTIR.3                -0.178      0.510      -0.349 
12 fixed  temp_N:analyzerCRDS.2          0.00359    0.0104      0.345 
13 fixed  temp_N:analyzerCRDS.3          0.00508    0.0106      0.479 
14 fixed  temp_N:analyzerFTIR.1          0.00104    0.0104      0.0997
15 fixed  temp_N:analyzerFTIR.2          0.0230     0.0104      2.22  
16 fixed  temp_N:analyzerFTIR.3          0.00888    0.0104      0.855 
17 fixed  RH_N:analyzerCRDS.2            0.000819   0.00268     0.306 
18 fixed  RH_N:analyzerCRDS.3            0.000628   0.00275     0.228 
19 fixed  RH_N:analyzerFTIR.1           -0.00137    0.00268    -0.511 
20 fixed  RH_N:analyzerFTIR.2            0.00610    0.00268     2.27  
21 fixed  RH_N:analyzerFTIR.3            0.00398    0.00268     1.49  
22 fixed  n_dairycows_in:analyzerCRDS.2 -0.00319    0.00809    -0.394 
23 fixed  n_dairycows_in:analyzerCRDS.3 -0.000994   0.00816    -0.122 
24 fixed  n_dairycows_in:analyzerFTIR.1 -0.00558    0.00809    -0.690 
25 fixed  n_dairycows_in:analyzerFTIR.2  0.00466    0.00809     0.577 
26 fixed  n_dairycows_in:analyzerFTIR.3 -0.00318    0.00809    -0.393 
27 fixed  wd_mst:analyzerCRDS.2         -0.0000181  0.000360   -0.0501
28 fixed  wd_mst:analyzerCRDS.3         -0.0000179  0.000375   -0.0478
29 fixed  wd_mst:analyzerFTIR.1         -0.000446   0.000360   -1.24  
30 fixed  wd_mst:analyzerFTIR.2          0.000326   0.000360    0.904 
31 fixed  wd_mst:analyzerFTIR.3          0.000201   0.000360    0.559 
32 fixed  ws_mst:analyzerCRDS.2          0.00715    0.0202      0.353 
33 fixed  ws_mst:analyzerCRDS.3          0.0108     0.0203      0.535 
34 fixed  ws_mst:analyzerFTIR.1          0.0177     0.0202      0.875 
35 fixed  ws_mst:analyzerFTIR.2          0.0206     0.0202      1.02  
36 fixed  ws_mst:analyzerFTIR.3          0.00165    0.0202      0.0815

Random Effects - Day:
           intercept_adj        day percent_dev
2025-04-08   -0.18004531 2025-04-08   -6.475066
2025-04-09   -0.07427792 2025-04-09   -2.671297
2025-04-10    0.11971167 2025-04-10    4.305255
2025-04-11    0.02983906 2025-04-11    1.073118
2025-04-12    0.10477250 2025-04-12    3.767990

Formula used:
e_CH4_ghLU_N ~ (temp_N + RH_N + n_dairycows_in + wd_mst + ws_mst) * 
    analyzer + (1 | day)
<environment: 0x0000020ae65cb350>

Fixed Effects (including interaction terms):
# A tibble: 36 × 5
   effect term                            estimate std.error statistic
   <chr>  <chr>                              <dbl>     <dbl>     <dbl>
 1 fixed  (Intercept)                   18.2         1.67     10.9    
 2 fixed  temp_N                        -0.0337      0.0375   -0.901  
 3 fixed  RH_N                          -0.0640      0.0100   -6.38   
 4 fixed  n_dairycows_in                -0.142       0.0236   -6.01   
 5 fixed  wd_mst                        -0.000439    0.00106  -0.415  
 6 fixed  ws_mst                         0.192       0.0619    3.10   
 7 fixed  analyzerCRDS.2                -0.691       2.06     -0.336  
 8 fixed  analyzerCRDS.3                -1.22        2.06     -0.594  
 9 fixed  analyzerFTIR.1                 0.0934      2.07      0.0452 
10 fixed  analyzerFTIR.2                -0.492       2.06     -0.239  
11 fixed  analyzerFTIR.3                -2.84        2.06     -1.38   
12 fixed  temp_N:analyzerCRDS.2          0.00749     0.0417    0.180  
13 fixed  temp_N:analyzerCRDS.3          0.0223      0.0419    0.532  
14 fixed  temp_N:analyzerFTIR.1          0.0248      0.0423    0.588  
15 fixed  temp_N:analyzerFTIR.2          0.0480      0.0419    1.15   
16 fixed  temp_N:analyzerFTIR.3          0.0292      0.0419    0.697  
17 fixed  RH_N:analyzerCRDS.2            0.00720     0.0108    0.667  
18 fixed  RH_N:analyzerCRDS.3            0.00823     0.0109    0.754  
19 fixed  RH_N:analyzerFTIR.1            0.00663     0.0110    0.603  
20 fixed  RH_N:analyzerFTIR.2            0.00671     0.0109    0.617  
21 fixed  RH_N:analyzerFTIR.3            0.0123      0.0109    1.13   
22 fixed  n_dairycows_in:analyzerCRDS.2 -0.0000336   0.0328   -0.00103
23 fixed  n_dairycows_in:analyzerCRDS.3  0.00589     0.0328    0.180  
24 fixed  n_dairycows_in:analyzerFTIR.1 -0.00535     0.0328   -0.163  
25 fixed  n_dairycows_in:analyzerFTIR.2 -0.00181     0.0328   -0.0553 
26 fixed  n_dairycows_in:analyzerFTIR.3  0.0259      0.0328    0.791  
27 fixed  wd_mst:analyzerCRDS.2          0.00101     0.00143   0.707  
28 fixed  wd_mst:analyzerCRDS.3          0.00114     0.00145   0.790  
29 fixed  wd_mst:analyzerFTIR.1          0.000506    0.00149   0.339  
30 fixed  wd_mst:analyzerFTIR.2          0.000277    0.00144   0.193  
31 fixed  wd_mst:analyzerFTIR.3          0.000547    0.00145   0.378  
32 fixed  ws_mst:analyzerCRDS.2          0.00206     0.0820    0.0251 
33 fixed  ws_mst:analyzerCRDS.3          0.0368      0.0821    0.449  
34 fixed  ws_mst:analyzerFTIR.1          0.00799     0.0820    0.0974 
35 fixed  ws_mst:analyzerFTIR.2          0.0880      0.0821    1.07   
36 fixed  ws_mst:analyzerFTIR.3          0.000644    0.0821    0.00785

Random Effects - Day:
           intercept_adj        day percent_dev
2025-04-08    -0.2312041 2025-04-08   -1.270837
2025-04-09    -0.2740935 2025-04-09   -1.506583
2025-04-10     0.5968681 2025-04-10    3.280746
2025-04-11    -0.2037533 2025-04-11   -1.119951
2025-04-12     0.1121828 2025-04-12    0.616624

Formula used:
e_CH4_ghLU_S ~ (temp_N + RH_N + n_dairycows_in + wd_mst + ws_mst) * 
    analyzer + (1 | day)
<environment: 0x0000020ad8d88a88>

Fixed Effects (including interaction terms):
# A tibble: 36 × 5
   effect term                            estimate std.error statistic
   <chr>  <chr>                              <dbl>     <dbl>     <dbl>
 1 fixed  (Intercept)                   16.8         2.18       7.69  
 2 fixed  temp_N                         0.00640     0.0469     0.137 
 3 fixed  RH_N                          -0.0476      0.0124    -3.83  
 4 fixed  n_dairycows_in                -0.145       0.0308    -4.71  
 5 fixed  wd_mst                         0.000327    0.00143    0.228 
 6 fixed  ws_mst                         0.225       0.0776     2.90  
 7 fixed  analyzerCRDS.2                 0.502       2.66       0.188 
 8 fixed  analyzerCRDS.3                 0.315       2.74       0.115 
 9 fixed  analyzerFTIR.1                 4.24        2.67       1.59  
10 fixed  analyzerFTIR.2                 0.526       2.67       0.197 
11 fixed  analyzerFTIR.3                -1.37        2.67      -0.514 
12 fixed  temp_N:analyzerCRDS.2         -0.00933     0.0530    -0.176 
13 fixed  temp_N:analyzerCRDS.3          0.00291     0.0540     0.0539
14 fixed  temp_N:analyzerFTIR.1         -0.0413      0.0531    -0.778 
15 fixed  temp_N:analyzerFTIR.2          0.0176      0.0532     0.331 
16 fixed  temp_N:analyzerFTIR.3          0.0128      0.0533     0.240 
17 fixed  RH_N:analyzerCRDS.2           -0.000692    0.0136    -0.0508
18 fixed  RH_N:analyzerCRDS.3            0.000922    0.0139     0.0663
19 fixed  RH_N:analyzerFTIR.1           -0.0320      0.0137    -2.34  
20 fixed  RH_N:analyzerFTIR.2           -0.00411     0.0137    -0.300 
21 fixed  RH_N:analyzerFTIR.3            0.00617     0.0137     0.449 
22 fixed  n_dairycows_in:analyzerCRDS.2 -0.00595     0.0418    -0.142 
23 fixed  n_dairycows_in:analyzerCRDS.3 -0.00766     0.0423    -0.181 
24 fixed  n_dairycows_in:analyzerFTIR.1 -0.0106      0.0419    -0.253 
25 fixed  n_dairycows_in:analyzerFTIR.2  0.00138     0.0419     0.0330
26 fixed  n_dairycows_in:analyzerFTIR.3  0.0108      0.0419     0.258 
27 fixed  wd_mst:analyzerCRDS.2         -0.000333    0.00186   -0.179 
28 fixed  wd_mst:analyzerCRDS.3          0.000293    0.00191    0.153 
29 fixed  wd_mst:analyzerFTIR.1         -0.00308     0.00189   -1.63  
30 fixed  wd_mst:analyzerFTIR.2         -0.000744    0.00189   -0.393 
31 fixed  wd_mst:analyzerFTIR.3         -0.0000247   0.00189   -0.0130
32 fixed  ws_mst:analyzerCRDS.2         -0.0107      0.103     -0.104 
33 fixed  ws_mst:analyzerCRDS.3          0.0237      0.103      0.229 
34 fixed  ws_mst:analyzerFTIR.1          0.0105      0.103      0.102 
35 fixed  ws_mst:analyzerFTIR.2          0.0381      0.103      0.372 
36 fixed  ws_mst:analyzerFTIR.3         -0.0250      0.103     -0.243 

Random Effects - Day:
           intercept_adj        day percent_dev
2025-04-08   -0.14402223 2025-04-08  -0.8589855
2025-04-09   -0.16837933 2025-04-09  -1.0042575
2025-04-10    0.60495677 2025-04-10   3.6081172
2025-04-11   -0.32789764 2025-04-11  -1.9556655
2025-04-12    0.03534243 2025-04-12   0.2107913
